2026-09-28 23:04:54 INFO __main__: Experiment 'e4_scratch': 78486 train / 16812 val images, device cuda, AMP torch.float16, batch 32
2026-09-28 23:05:50 INFO __main__: epoch 1:  10% | train loss 0.2433 | 140 img/s
2026-09-28 23:06:26 INFO __main__: epoch 1:  20% | train loss 0.2132 | 170 img/s
2026-09-28 23:07:02 INFO __main__: epoch 1:  30% | train loss 0.2000 | 184 img/s
2026-09-28 23:07:38 INFO __main__: epoch 1:  40% | train loss 0.1942 | 191 img/s
2026-09-28 23:08:14 INFO __main__: epoch 1:  50% | train loss 0.1900 | 196 img/s
2026-09-28 23:08:50 INFO __main__: epoch 1:  60% | train loss 0.1872 | 199 img/s
2026-09-28 23:09:26 INFO __main__: epoch 1:  70% | train loss 0.1851 | 202 img/s
2026-09-28 23:10:02 INFO __main__: epoch 1:  80% | train loss 0.1837 | 204 img/s
2026-09-28 23:10:38 INFO __main__: epoch 1:  90% | train loss 0.1823 | 205 img/s
2026-09-28 23:11:13 INFO __main__: epoch 1: 100% | train loss 0.1807 | 206 img/s
2026-09-28 23:12:02 INFO __main__: epoch 1/30 | lr 1e-04 | train loss 0.1807 | val loss 0.1646 | val AUC 0.7138 (Atelectasis 0.724, Effusion 0.805, Pneumonia 0.665) | best | 7.1 min
2026-09-28 23:12:39 INFO __main__: epoch 2:  10% | train loss 0.1673 | 216 img/s
2026-09-28 23:13:15 INFO __main__: epoch 2:  20% | train loss 0.1678 | 218 img/s
2026-09-28 23:13:50 INFO __main__: epoch 2:  30% | train loss 0.1691 | 218 img/s
2026-09-28 23:14:27 INFO __main__: epoch 2:  40% | train loss 0.1683 | 218 img/s
2026-09-28 23:15:02 INFO __main__: epoch 2:  50% | train loss 0.1685 | 218 img/s
2026-09-28 23:15:38 INFO __main__: epoch 2:  60% | train loss 0.1683 | 218 img/s
2026-09-28 23:16:14 INFO __main__: epoch 2:  70% | train loss 0.1681 | 218 img/s
2026-09-28 23:16:50 INFO __main__: epoch 2:  80% | train loss 0.1677 | 218 img/s
2026-09-28 23:17:26 INFO __main__: epoch 2:  90% | train loss 0.1677 | 218 img/s
2026-09-28 23:18:02 INFO __main__: epoch 2: 100% | train loss 0.1675 | 218 img/s
2026-09-28 23:18:32 INFO __main__: epoch 2/30 | lr 1e-04 | train loss 0.1675 | val loss 0.1606 | val AUC 0.7444 (Atelectasis 0.745, Effusion 0.836, Pneumonia 0.658) | best | 6.5 min
2026-09-28 23:19:08 INFO __main__: epoch 3:  10% | train loss 0.1625 | 218 img/s
2026-09-28 23:19:44 INFO __main__: epoch 3:  20% | train loss 0.1628 | 218 img/s
2026-09-28 23:20:19 INFO __main__: epoch 3:  30% | train loss 0.1637 | 218 img/s
2026-09-28 23:20:55 INFO __main__: epoch 3:  40% | train loss 0.1639 | 218 img/s
2026-09-28 23:21:31 INFO __main__: epoch 3:  50% | train loss 0.1641 | 218 img/s
2026-09-28 23:22:07 INFO __main__: epoch 3:  60% | train loss 0.1643 | 218 img/s
2026-09-28 23:22:43 INFO __main__: epoch 3:  70% | train loss 0.1638 | 218 img/s
2026-09-28 23:23:19 INFO __main__: epoch 3:  80% | train loss 0.1640 | 218 img/s
2026-09-28 23:23:55 INFO __main__: epoch 3:  90% | train loss 0.1640 | 218 img/s
2026-09-28 23:24:31 INFO __main__: epoch 3: 100% | train loss 0.1635 | 218 img/s
2026-09-28 23:25:00 INFO __main__: epoch 3/30 | lr 1e-04 | train loss 0.1634 | val loss 0.1578 | val AUC 0.7576 (Atelectasis 0.764, Effusion 0.844, Pneumonia 0.693) | best | 6.5 min
2026-09-28 23:25:35 INFO __main__: epoch 4:  10% | train loss 0.1606 | 220 img/s
2026-09-28 23:26:10 INFO __main__: epoch 4:  20% | train loss 0.1601 | 222 img/s
2026-09-28 23:26:45 INFO __main__: epoch 4:  30% | train loss 0.1607 | 223 img/s
2026-09-28 23:27:20 INFO __main__: epoch 4:  40% | train loss 0.1607 | 223 img/s
2026-09-28 23:27:55 INFO __main__: epoch 4:  50% | train loss 0.1610 | 223 img/s
2026-09-28 23:28:30 INFO __main__: epoch 4:  60% | train loss 0.1613 | 224 img/s
2026-09-28 23:29:05 INFO __main__: epoch 4:  70% | train loss 0.1610 | 224 img/s
2026-09-28 23:29:42 INFO __main__: epoch 4:  80% | train loss 0.1610 | 222 img/s
2026-09-28 23:30:21 INFO __main__: epoch 4:  90% | train loss 0.1608 | 220 img/s
2026-09-28 23:31:00 INFO __main__: epoch 4: 100% | train loss 0.1608 | 218 img/s
2026-09-28 23:31:31 INFO __main__: epoch 4/30 | lr 1e-04 | train loss 0.1608 | val loss 0.1556 | val AUC 0.7763 (Atelectasis 0.771, Effusion 0.852, Pneumonia 0.711) | best | 6.5 min
2026-09-28 23:32:10 INFO __main__: epoch 5:  10% | train loss 0.1571 | 202 img/s
2026-09-28 23:32:49 INFO __main__: epoch 5:  20% | train loss 0.1568 | 201 img/s
2026-09-28 23:33:28 INFO __main__: epoch 5:  30% | train loss 0.1578 | 202 img/s
2026-09-28 23:34:06 INFO __main__: epoch 5:  40% | train loss 0.1590 | 202 img/s
2026-09-28 23:34:44 INFO __main__: epoch 5:  50% | train loss 0.1590 | 203 img/s
2026-09-28 23:35:22 INFO __main__: epoch 5:  60% | train loss 0.1591 | 204 img/s
2026-09-28 23:36:01 INFO __main__: epoch 5:  70% | train loss 0.1588 | 204 img/s
2026-09-28 23:36:37 INFO __main__: epoch 5:  80% | train loss 0.1585 | 205 img/s
2026-09-28 23:37:12 INFO __main__: epoch 5:  90% | train loss 0.1588 | 207 img/s
2026-09-28 23:37:47 INFO __main__: epoch 5: 100% | train loss 0.1587 | 208 img/s
2026-09-28 23:38:17 INFO __main__: epoch 5/30 | lr 1e-04 | train loss 0.1587 | val loss 0.1552 | val AUC 0.7782 (Atelectasis 0.767, Effusion 0.858, Pneumonia 0.712) | best | 6.8 min
2026-09-28 23:38:52 INFO __main__: epoch 6:  10% | train loss 0.1584 | 220 img/s
2026-09-28 23:39:27 INFO __main__: epoch 6:  20% | train loss 0.1568 | 222 img/s
2026-09-28 23:40:03 INFO __main__: epoch 6:  30% | train loss 0.1554 | 222 img/s
2026-09-28 23:40:38 INFO __main__: epoch 6:  40% | train loss 0.1566 | 222 img/s
2026-09-28 23:41:13 INFO __main__: epoch 6:  50% | train loss 0.1565 | 223 img/s
2026-09-28 23:41:48 INFO __main__: epoch 6:  60% | train loss 0.1570 | 223 img/s
2026-09-28 23:42:23 INFO __main__: epoch 6:  70% | train loss 0.1570 | 223 img/s
2026-09-28 23:42:59 INFO __main__: epoch 6:  80% | train loss 0.1569 | 222 img/s
2026-09-28 23:43:34 INFO __main__: epoch 6:  90% | train loss 0.1570 | 222 img/s
2026-09-28 23:44:09 INFO __main__: epoch 6: 100% | train loss 0.1570 | 222 img/s
2026-09-28 23:44:39 INFO __main__: epoch 6/30 | lr 1e-04 | train loss 0.1570 | val loss 0.1535 | val AUC 0.7862 (Atelectasis 0.768, Effusion 0.852, Pneumonia 0.708) | best | 6.4 min
2026-09-28 23:45:14 INFO __main__: epoch 7:  10% | train loss 0.1562 | 221 img/s
2026-09-28 23:45:49 INFO __main__: epoch 7:  20% | train loss 0.1565 | 221 img/s
2026-09-28 23:46:25 INFO __main__: epoch 7:  30% | train loss 0.1554 | 222 img/s
2026-09-28 23:47:00 INFO __main__: epoch 7:  40% | train loss 0.1561 | 222 img/s
2026-09-28 23:47:35 INFO __main__: epoch 7:  50% | train loss 0.1556 | 222 img/s
2026-09-28 23:48:10 INFO __main__: epoch 7:  60% | train loss 0.1554 | 222 img/s
2026-09-28 23:48:46 INFO __main__: epoch 7:  70% | train loss 0.1551 | 222 img/s
2026-09-28 23:49:21 INFO __main__: epoch 7:  80% | train loss 0.1549 | 222 img/s
2026-09-28 23:49:56 INFO __main__: epoch 7:  90% | train loss 0.1553 | 222 img/s
2026-09-28 23:50:31 INFO __main__: epoch 7: 100% | train loss 0.1555 | 222 img/s
2026-09-28 23:51:01 INFO __main__: epoch 7/30 | lr 1e-04 | train loss 0.1555 | val loss 0.1538 | val AUC 0.7893 (Atelectasis 0.770, Effusion 0.863, Pneumonia 0.712) | best | 6.4 min
2026-09-28 23:51:36 INFO __main__: epoch 8:  10% | train loss 0.1542 | 221 img/s
2026-09-28 23:52:11 INFO __main__: epoch 8:  20% | train loss 0.1551 | 222 img/s
2026-09-28 23:52:47 INFO __main__: epoch 8:  30% | train loss 0.1541 | 222 img/s
2026-09-28 23:53:22 INFO __main__: epoch 8:  40% | train loss 0.1543 | 222 img/s
2026-09-28 23:53:57 INFO __main__: epoch 8:  50% | train loss 0.1547 | 222 img/s
2026-09-28 23:54:32 INFO __main__: epoch 8:  60% | train loss 0.1549 | 222 img/s
2026-09-28 23:55:08 INFO __main__: epoch 8:  70% | train loss 0.1544 | 222 img/s
2026-09-28 23:55:43 INFO __main__: epoch 8:  80% | train loss 0.1544 | 222 img/s
2026-09-28 23:56:18 INFO __main__: epoch 8:  90% | train loss 0.1539 | 222 img/s
2026-09-28 23:56:53 INFO __main__: epoch 8: 100% | train loss 0.1542 | 222 img/s
2026-09-28 23:57:22 INFO __main__: epoch 8/30 | lr 1e-04 | train loss 0.1542 | val loss 0.1534 | val AUC 0.7871 (Atelectasis 0.770, Effusion 0.867, Pneumonia 0.718) | 1 without improvement | 6.4 min
2026-09-28 23:57:58 INFO __main__: epoch 9:  10% | train loss 0.1507 | 222 img/s
2026-09-28 23:58:33 INFO __main__: epoch 9:  20% | train loss 0.1514 | 222 img/s
2026-09-28 23:59:08 INFO __main__: epoch 9:  30% | train loss 0.1513 | 222 img/s
2026-09-28 23:59:44 INFO __main__: epoch 9:  40% | train loss 0.1515 | 222 img/s
2026-09-29 00:00:19 INFO __main__: epoch 9:  50% | train loss 0.1525 | 222 img/s
2026-09-29 00:00:54 INFO __main__: epoch 9:  60% | train loss 0.1530 | 222 img/s
2026-09-29 00:01:30 INFO __main__: epoch 9:  70% | train loss 0.1531 | 222 img/s
2026-09-29 00:02:05 INFO __main__: epoch 9:  80% | train loss 0.1533 | 222 img/s
2026-09-29 00:02:42 INFO __main__: epoch 9:  90% | train loss 0.1532 | 221 img/s
2026-09-29 00:03:18 INFO __main__: epoch 9: 100% | train loss 0.1530 | 221 img/s
2026-09-29 00:03:47 INFO __main__: epoch 9/30 | lr 1e-04 | train loss 0.1530 | val loss 0.1525 | val AUC 0.7932 (Atelectasis 0.776, Effusion 0.870, Pneumonia 0.727) | best | 6.4 min
2026-09-29 00:04:23 INFO __main__: epoch 10:  10% | train loss 0.1549 | 220 img/s
2026-09-29 00:04:58 INFO __main__: epoch 10:  20% | train loss 0.1530 | 220 img/s
2026-09-29 00:05:34 INFO __main__: epoch 10:  30% | train loss 0.1541 | 221 img/s
2026-09-29 00:06:09 INFO __main__: epoch 10:  40% | train loss 0.1543 | 221 img/s
2026-09-29 00:06:45 INFO __main__: epoch 10:  50% | train loss 0.1534 | 221 img/s
2026-09-29 00:07:20 INFO __main__: epoch 10:  60% | train loss 0.1527 | 221 img/s
2026-09-29 00:07:56 INFO __main__: epoch 10:  70% | train loss 0.1526 | 220 img/s
2026-09-29 00:08:32 INFO __main__: epoch 10:  80% | train loss 0.1524 | 220 img/s
2026-09-29 00:09:09 INFO __main__: epoch 10:  90% | train loss 0.1520 | 219 img/s
2026-09-29 00:09:44 INFO __main__: epoch 10: 100% | train loss 0.1521 | 220 img/s
2026-09-29 00:10:13 INFO __main__: epoch 10/30 | lr 1e-04 | train loss 0.1521 | val loss 0.1517 | val AUC 0.7980 (Atelectasis 0.785, Effusion 0.869, Pneumonia 0.727) | best | 6.4 min
2026-09-29 00:10:47 INFO __main__: epoch 11:  10% | train loss 0.1491 | 227 img/s
2026-09-29 00:11:23 INFO __main__: epoch 11:  20% | train loss 0.1492 | 223 img/s
2026-09-29 00:11:58 INFO __main__: epoch 11:  30% | train loss 0.1508 | 224 img/s
2026-09-29 00:12:32 INFO __main__: epoch 11:  40% | train loss 0.1512 | 225 img/s
2026-09-29 00:13:07 INFO __main__: epoch 11:  50% | train loss 0.1513 | 226 img/s
2026-09-29 00:13:41 INFO __main__: epoch 11:  60% | train loss 0.1510 | 226 img/s
2026-09-29 00:14:16 INFO __main__: epoch 11:  70% | train loss 0.1508 | 226 img/s
2026-09-29 00:14:50 INFO __main__: epoch 11:  80% | train loss 0.1505 | 226 img/s
2026-09-29 00:15:25 INFO __main__: epoch 11:  90% | train loss 0.1507 | 226 img/s
2026-09-29 00:15:59 INFO __main__: epoch 11: 100% | train loss 0.1510 | 227 img/s
2026-09-29 00:16:28 INFO __main__: epoch 11/30 | lr 1e-04 | train loss 0.1510 | val loss 0.1505 | val AUC 0.7991 (Atelectasis 0.785, Effusion 0.871, Pneumonia 0.730) | best | 6.2 min
2026-09-29 00:17:02 INFO __main__: epoch 12:  10% | train loss 0.1502 | 226 img/s
2026-09-29 00:17:37 INFO __main__: epoch 12:  20% | train loss 0.1485 | 227 img/s
2026-09-29 00:18:11 INFO __main__: epoch 12:  30% | train loss 0.1483 | 227 img/s
2026-09-29 00:18:46 INFO __main__: epoch 12:  40% | train loss 0.1486 | 227 img/s
2026-09-29 00:19:20 INFO __main__: epoch 12:  50% | train loss 0.1493 | 228 img/s
2026-09-29 00:19:54 INFO __main__: epoch 12:  60% | train loss 0.1499 | 228 img/s
2026-09-29 00:20:29 INFO __main__: epoch 12:  70% | train loss 0.1502 | 227 img/s
2026-09-29 00:21:07 INFO __main__: epoch 12:  80% | train loss 0.1500 | 224 img/s
2026-09-29 00:21:44 INFO __main__: epoch 12:  90% | train loss 0.1499 | 223 img/s
2026-09-29 00:22:24 INFO __main__: epoch 12: 100% | train loss 0.1500 | 220 img/s
2026-09-29 00:22:54 INFO __main__: epoch 12/30 | lr 1e-04 | train loss 0.1500 | val loss 0.1509 | val AUC 0.7973 (Atelectasis 0.782, Effusion 0.870, Pneumonia 0.726) | 1 without improvement | 6.4 min
2026-09-29 00:23:31 INFO __main__: epoch 13:  10% | train loss 0.1490 | 211 img/s
2026-09-29 00:24:08 INFO __main__: epoch 13:  20% | train loss 0.1498 | 213 img/s
2026-09-29 00:24:45 INFO __main__: epoch 13:  30% | train loss 0.1501 | 212 img/s
2026-09-29 00:25:22 INFO __main__: epoch 13:  40% | train loss 0.1493 | 213 img/s
2026-09-29 00:25:58 INFO __main__: epoch 13:  50% | train loss 0.1494 | 213 img/s
2026-09-29 00:26:38 INFO __main__: epoch 13:  60% | train loss 0.1494 | 210 img/s
2026-09-29 00:27:17 INFO __main__: epoch 13:  70% | train loss 0.1491 | 209 img/s
2026-09-29 00:27:58 INFO __main__: epoch 13:  80% | train loss 0.1491 | 207 img/s
2026-09-29 00:28:38 INFO __main__: epoch 13:  90% | train loss 0.1490 | 206 img/s
2026-09-29 00:29:18 INFO __main__: epoch 13: 100% | train loss 0.1492 | 204 img/s
2026-09-29 00:29:52 INFO __main__: epoch 13/30 | lr 1e-04 | train loss 0.1492 | val loss 0.1504 | val AUC 0.8034 (Atelectasis 0.784, Effusion 0.869, Pneumonia 0.731) | best | 6.9 min
2026-09-29 00:30:32 INFO __main__: epoch 14:  10% | train loss 0.1476 | 193 img/s
2026-09-29 00:31:12 INFO __main__: epoch 14:  20% | train loss 0.1475 | 194 img/s
2026-09-29 00:31:51 INFO __main__: epoch 14:  30% | train loss 0.1476 | 197 img/s
2026-09-29 00:32:28 INFO __main__: epoch 14:  40% | train loss 0.1486 | 201 img/s
2026-09-29 00:33:04 INFO __main__: epoch 14:  50% | train loss 0.1480 | 204 img/s
2026-09-29 00:33:40 INFO __main__: epoch 14:  60% | train loss 0.1479 | 206 img/s
2026-09-29 00:34:17 INFO __main__: epoch 14:  70% | train loss 0.1482 | 207 img/s
2026-09-29 00:34:53 INFO __main__: epoch 14:  80% | train loss 0.1484 | 208 img/s
2026-09-29 00:35:30 INFO __main__: epoch 14:  90% | train loss 0.1482 | 208 img/s
2026-09-29 00:36:11 INFO __main__: epoch 14: 100% | train loss 0.1481 | 207 img/s
2026-09-29 00:36:43 INFO __main__: epoch 14/30 | lr 1e-04 | train loss 0.1481 | val loss 0.1506 | val AUC 0.8069 (Atelectasis 0.787, Effusion 0.874, Pneumonia 0.738) | best | 6.8 min
2026-09-29 00:37:22 INFO __main__: epoch 15:  10% | train loss 0.1461 | 198 img/s
2026-09-29 00:38:00 INFO __main__: epoch 15:  20% | train loss 0.1451 | 203 img/s
2026-09-29 00:38:38 INFO __main__: epoch 15:  30% | train loss 0.1457 | 205 img/s
2026-09-29 00:39:16 INFO __main__: epoch 15:  40% | train loss 0.1460 | 205 img/s
2026-09-29 00:39:55 INFO __main__: epoch 15:  50% | train loss 0.1468 | 204 img/s
2026-09-29 00:40:34 INFO __main__: epoch 15:  60% | train loss 0.1471 | 204 img/s
2026-09-29 00:41:13 INFO __main__: epoch 15:  70% | train loss 0.1469 | 203 img/s
2026-09-29 00:41:52 INFO __main__: epoch 15:  80% | train loss 0.1469 | 203 img/s
2026-09-29 00:42:31 INFO __main__: epoch 15:  90% | train loss 0.1472 | 203 img/s
2026-09-29 00:43:11 INFO __main__: epoch 15: 100% | train loss 0.1472 | 202 img/s
2026-09-29 00:43:44 INFO __main__: epoch 15/30 | lr 1e-04 | train loss 0.1472 | val loss 0.1491 | val AUC 0.8090 (Atelectasis 0.784, Effusion 0.876, Pneumonia 0.724) | best | 7.0 min
2026-09-29 00:44:23 INFO __main__: epoch 16:  10% | train loss 0.1456 | 204 img/s
2026-09-29 00:45:01 INFO __main__: epoch 16:  20% | train loss 0.1456 | 204 img/s
2026-09-29 00:45:38 INFO __main__: epoch 16:  30% | train loss 0.1457 | 207 img/s
2026-09-29 00:46:15 INFO __main__: epoch 16:  40% | train loss 0.1458 | 209 img/s
2026-09-29 00:46:52 INFO __main__: epoch 16:  50% | train loss 0.1459 | 209 img/s
2026-09-29 00:47:28 INFO __main__: epoch 16:  60% | train loss 0.1459 | 210 img/s
2026-09-29 00:48:06 INFO __main__: epoch 16:  70% | train loss 0.1461 | 210 img/s
2026-09-29 00:48:42 INFO __main__: epoch 16:  80% | train loss 0.1463 | 210 img/s
2026-09-29 00:49:19 INFO __main__: epoch 16:  90% | train loss 0.1465 | 211 img/s
2026-09-29 00:49:54 INFO __main__: epoch 16: 100% | train loss 0.1465 | 212 img/s
2026-09-29 00:50:27 INFO __main__: epoch 16/30 | lr 1e-04 | train loss 0.1465 | val loss 0.1500 | val AUC 0.8029 (Atelectasis 0.786, Effusion 0.876, Pneumonia 0.729) | 1 without improvement | 6.7 min
2026-09-29 00:51:06 INFO __main__: epoch 17:  10% | train loss 0.1472 | 199 img/s
2026-09-29 00:51:46 INFO __main__: epoch 17:  20% | train loss 0.1456 | 199 img/s
2026-09-29 00:52:25 INFO __main__: epoch 17:  30% | train loss 0.1453 | 198 img/s
2026-09-29 00:53:05 INFO __main__: epoch 17:  40% | train loss 0.1452 | 198 img/s
2026-09-29 00:53:44 INFO __main__: epoch 17:  50% | train loss 0.1450 | 198 img/s
2026-09-29 00:54:24 INFO __main__: epoch 17:  60% | train loss 0.1452 | 198 img/s
2026-09-29 00:55:03 INFO __main__: epoch 17:  70% | train loss 0.1459 | 199 img/s
2026-09-29 00:55:42 INFO __main__: epoch 17:  80% | train loss 0.1458 | 199 img/s
2026-09-29 00:56:22 INFO __main__: epoch 17:  90% | train loss 0.1458 | 198 img/s
2026-09-29 00:57:01 INFO __main__: epoch 17: 100% | train loss 0.1457 | 199 img/s
2026-09-29 00:57:34 INFO __main__: epoch 17/30 | lr 1e-04 | train loss 0.1457 | val loss 0.1494 | val AUC 0.8080 (Atelectasis 0.786, Effusion 0.874, Pneumonia 0.733) | 2 without improvement | 7.1 min
2026-09-29 00:58:13 INFO __main__: epoch 18:  10% | train loss 0.1424 | 198 img/s
2026-09-29 00:58:52 INFO __main__: epoch 18:  20% | train loss 0.1421 | 199 img/s
2026-09-29 00:59:32 INFO __main__: epoch 18:  30% | train loss 0.1420 | 199 img/s
2026-09-29 01:00:12 INFO __main__: epoch 18:  40% | train loss 0.1418 | 199 img/s
2026-09-29 01:00:51 INFO __main__: epoch 18:  50% | train loss 0.1413 | 199 img/s
2026-09-29 01:01:30 INFO __main__: epoch 18:  60% | train loss 0.1417 | 199 img/s
2026-09-29 01:02:10 INFO __main__: epoch 18:  70% | train loss 0.1415 | 199 img/s
2026-09-29 01:02:49 INFO __main__: epoch 18:  80% | train loss 0.1415 | 199 img/s
2026-09-29 01:03:28 INFO __main__: epoch 18:  90% | train loss 0.1412 | 199 img/s
2026-09-29 01:04:08 INFO __main__: epoch 18: 100% | train loss 0.1411 | 199 img/s
2026-09-29 01:04:40 INFO __main__: epoch 18/30 | lr 1e-05 | train loss 0.1411 | val loss 0.1474 | val AUC 0.8165 (Atelectasis 0.790, Effusion 0.879, Pneumonia 0.739) | best | 7.1 min
2026-09-29 01:05:20 INFO __main__: epoch 19:  10% | train loss 0.1378 | 198 img/s
2026-09-29 01:05:59 INFO __main__: epoch 19:  20% | train loss 0.1379 | 199 img/s
2026-09-29 01:06:39 INFO __main__: epoch 19:  30% | train loss 0.1383 | 198 img/s
2026-09-29 01:07:18 INFO __main__: epoch 19:  40% | train loss 0.1390 | 198 img/s
2026-09-29 01:07:58 INFO __main__: epoch 19:  50% | train loss 0.1390 | 198 img/s
2026-09-29 01:08:37 INFO __main__: epoch 19:  60% | train loss 0.1394 | 198 img/s
2026-09-29 01:09:17 INFO __main__: epoch 19:  70% | train loss 0.1396 | 198 img/s
2026-09-29 01:10:02 INFO __main__: epoch 19:  80% | train loss 0.1397 | 195 img/s
2026-09-29 01:10:49 INFO __main__: epoch 19:  90% | train loss 0.1396 | 191 img/s
2026-09-29 01:11:31 INFO __main__: epoch 19: 100% | train loss 0.1398 | 191 img/s
2026-09-29 01:12:03 INFO __main__: epoch 19/30 | lr 1e-05 | train loss 0.1398 | val loss 0.1476 | val AUC 0.8168 (Atelectasis 0.792, Effusion 0.879, Pneumonia 0.737) | best | 7.4 min
2026-09-29 01:12:43 INFO __main__: epoch 20:  10% | train loss 0.1355 | 197 img/s
2026-09-29 01:13:22 INFO __main__: epoch 20:  20% | train loss 0.1374 | 198 img/s
2026-09-29 01:14:02 INFO __main__: epoch 20:  30% | train loss 0.1377 | 198 img/s
2026-09-29 01:14:41 INFO __main__: epoch 20:  40% | train loss 0.1381 | 198 img/s
2026-09-29 01:15:21 INFO __main__: epoch 20:  50% | train loss 0.1383 | 199 img/s
2026-09-29 01:16:00 INFO __main__: epoch 20:  60% | train loss 0.1382 | 199 img/s
2026-09-29 01:16:40 INFO __main__: epoch 20:  70% | train loss 0.1386 | 199 img/s
2026-09-29 01:17:19 INFO __main__: epoch 20:  80% | train loss 0.1388 | 199 img/s
2026-09-29 01:17:58 INFO __main__: epoch 20:  90% | train loss 0.1390 | 199 img/s
2026-09-29 01:18:38 INFO __main__: epoch 20: 100% | train loss 0.1390 | 199 img/s
2026-09-29 01:19:10 INFO __main__: epoch 20/30 | lr 1e-05 | train loss 0.1390 | val loss 0.1478 | val AUC 0.8161 (Atelectasis 0.791, Effusion 0.879, Pneumonia 0.738) | 1 without improvement | 7.1 min
2026-09-29 01:19:49 INFO __main__: epoch 21:  10% | train loss 0.1379 | 198 img/s
2026-09-29 01:20:29 INFO __main__: epoch 21:  20% | train loss 0.1378 | 199 img/s
2026-09-29 01:21:08 INFO __main__: epoch 21:  30% | train loss 0.1386 | 199 img/s
2026-09-29 01:21:48 INFO __main__: epoch 21:  40% | train loss 0.1381 | 199 img/s
2026-09-29 01:22:27 INFO __main__: epoch 21:  50% | train loss 0.1382 | 199 img/s
2026-09-29 01:23:07 INFO __main__: epoch 21:  60% | train loss 0.1384 | 199 img/s
2026-09-29 01:23:46 INFO __main__: epoch 21:  70% | train loss 0.1384 | 199 img/s
2026-09-29 01:24:25 INFO __main__: epoch 21:  80% | train loss 0.1385 | 199 img/s
2026-09-29 01:25:05 INFO __main__: epoch 21:  90% | train loss 0.1386 | 199 img/s
2026-09-29 01:25:44 INFO __main__: epoch 21: 100% | train loss 0.1386 | 199 img/s
2026-09-29 01:26:16 INFO __main__: epoch 21/30 | lr 1e-05 | train loss 0.1386 | val loss 0.1480 | val AUC 0.8161 (Atelectasis 0.788, Effusion 0.879, Pneumonia 0.738) | 2 without improvement | 7.1 min
2026-09-29 01:26:50 INFO __main__: epoch 22:  10% | train loss 0.1385 | 228 img/s
2026-09-29 01:27:25 INFO __main__: epoch 22:  20% | train loss 0.1369 | 228 img/s
2026-09-29 01:27:59 INFO __main__: epoch 22:  30% | train loss 0.1369 | 228 img/s
2026-09-29 01:28:33 INFO __main__: epoch 22:  40% | train loss 0.1369 | 228 img/s
2026-09-29 01:29:08 INFO __main__: epoch 22:  50% | train loss 0.1370 | 228 img/s
2026-09-29 01:29:42 INFO __main__: epoch 22:  60% | train loss 0.1375 | 228 img/s
2026-09-29 01:30:16 INFO __main__: epoch 22:  70% | train loss 0.1377 | 228 img/s
2026-09-29 01:30:51 INFO __main__: epoch 22:  80% | train loss 0.1376 | 228 img/s
2026-09-29 01:31:25 INFO __main__: epoch 22:  90% | train loss 0.1377 | 228 img/s
2026-09-29 01:31:59 INFO __main__: epoch 22: 100% | train loss 0.1377 | 228 img/s
2026-09-29 01:32:27 INFO __main__: epoch 22/30 | lr 1e-06 | train loss 0.1377 | val loss 0.1479 | val AUC 0.8159 (Atelectasis 0.789, Effusion 0.879, Pneumonia 0.738) | 3 without improvement | 6.2 min
2026-09-29 01:33:02 INFO __main__: epoch 23:  10% | train loss 0.1383 | 228 img/s
2026-09-29 01:33:36 INFO __main__: epoch 23:  20% | train loss 0.1369 | 229 img/s
2026-09-29 01:34:10 INFO __main__: epoch 23:  30% | train loss 0.1371 | 229 img/s
2026-09-29 01:34:44 INFO __main__: epoch 23:  40% | train loss 0.1365 | 229 img/s
2026-09-29 01:35:18 INFO __main__: epoch 23:  50% | train loss 0.1367 | 229 img/s
2026-09-29 01:35:53 INFO __main__: epoch 23:  60% | train loss 0.1373 | 229 img/s
2026-09-29 01:36:27 INFO __main__: epoch 23:  70% | train loss 0.1376 | 229 img/s
2026-09-29 01:37:01 INFO __main__: epoch 23:  80% | train loss 0.1378 | 229 img/s
2026-09-29 01:37:35 INFO __main__: epoch 23:  90% | train loss 0.1376 | 229 img/s
2026-09-29 01:38:09 INFO __main__: epoch 23: 100% | train loss 0.1376 | 229 img/s
2026-09-29 01:38:38 INFO __main__: epoch 23/30 | lr 1e-06 | train loss 0.1376 | val loss 0.1478 | val AUC 0.8169 (Atelectasis 0.790, Effusion 0.880, Pneumonia 0.739) | best | 6.2 min
2026-09-29 01:39:12 INFO __main__: epoch 24:  10% | train loss 0.1386 | 228 img/s
2026-09-29 01:39:46 INFO __main__: epoch 24:  20% | train loss 0.1372 | 229 img/s
2026-09-29 01:40:21 INFO __main__: epoch 24:  30% | train loss 0.1376 | 229 img/s
2026-09-29 01:40:55 INFO __main__: epoch 24:  40% | train loss 0.1372 | 229 img/s
2026-09-29 01:41:29 INFO __main__: epoch 24:  50% | train loss 0.1373 | 229 img/s
2026-09-29 01:42:03 INFO __main__: epoch 24:  60% | train loss 0.1370 | 229 img/s
2026-09-29 01:42:38 INFO __main__: epoch 24:  70% | train loss 0.1372 | 229 img/s
2026-09-29 01:43:12 INFO __main__: epoch 24:  80% | train loss 0.1373 | 229 img/s
2026-09-29 01:43:46 INFO __main__: epoch 24:  90% | train loss 0.1372 | 229 img/s
2026-09-29 01:44:20 INFO __main__: epoch 24: 100% | train loss 0.1376 | 229 img/s
2026-09-29 01:44:49 INFO __main__: epoch 24/30 | lr 1e-06 | train loss 0.1375 | val loss 0.1476 | val AUC 0.8162 (Atelectasis 0.790, Effusion 0.880, Pneumonia 0.739) | 1 without improvement | 6.2 min
2026-09-29 01:45:23 INFO __main__: epoch 25:  10% | train loss 0.1385 | 228 img/s
2026-09-29 01:46:00 INFO __main__: epoch 25:  20% | train loss 0.1385 | 220 img/s
2026-09-29 01:46:41 INFO __main__: epoch 25:  30% | train loss 0.1376 | 209 img/s
2026-09-29 01:47:20 INFO __main__: epoch 25:  40% | train loss 0.1369 | 207 img/s
2026-09-29 01:48:00 INFO __main__: epoch 25:  50% | train loss 0.1368 | 205 img/s
2026-09-29 01:48:39 INFO __main__: epoch 25:  60% | train loss 0.1362 | 204 img/s
2026-09-29 01:49:19 INFO __main__: epoch 25:  70% | train loss 0.1369 | 203 img/s
2026-09-29 01:49:58 INFO __main__: epoch 25:  80% | train loss 0.1371 | 202 img/s
2026-09-29 01:50:38 INFO __main__: epoch 25:  90% | train loss 0.1372 | 202 img/s
2026-09-29 01:51:17 INFO __main__: epoch 25: 100% | train loss 0.1374 | 202 img/s
2026-09-29 01:51:50 INFO __main__: epoch 25/30 | lr 1e-06 | train loss 0.1374 | val loss 0.1478 | val AUC 0.8169 (Atelectasis 0.790, Effusion 0.880, Pneumonia 0.739) | best | 7.0 min
2026-09-29 01:52:29 INFO __main__: epoch 26:  10% | train loss 0.1375 | 198 img/s
2026-09-29 01:53:08 INFO __main__: epoch 26:  20% | train loss 0.1370 | 199 img/s
2026-09-29 01:53:48 INFO __main__: epoch 26:  30% | train loss 0.1370 | 199 img/s
2026-09-29 01:54:27 INFO __main__: epoch 26:  40% | train loss 0.1376 | 199 img/s
2026-09-29 01:55:07 INFO __main__: epoch 26:  50% | train loss 0.1372 | 199 img/s
2026-09-29 01:55:46 INFO __main__: epoch 26:  60% | train loss 0.1365 | 199 img/s
2026-09-29 01:56:25 INFO __main__: epoch 26:  70% | train loss 0.1371 | 199 img/s
2026-09-29 01:57:05 INFO __main__: epoch 26:  80% | train loss 0.1373 | 199 img/s
2026-09-29 01:57:44 INFO __main__: epoch 26:  90% | train loss 0.1373 | 199 img/s
2026-09-29 01:58:24 INFO __main__: epoch 26: 100% | train loss 0.1374 | 199 img/s
2026-09-29 01:58:56 INFO __main__: epoch 26/30 | lr 1e-07 | train loss 0.1374 | val loss 0.1478 | val AUC 0.8169 (Atelectasis 0.790, Effusion 0.880, Pneumonia 0.740) | 1 without improvement | 7.1 min
2026-09-29 01:59:35 INFO __main__: epoch 27:  10% | train loss 0.1375 | 198 img/s
2026-09-29 02:00:15 INFO __main__: epoch 27:  20% | train loss 0.1370 | 198 img/s
2026-09-29 02:00:54 INFO __main__: epoch 27:  30% | train loss 0.1370 | 198 img/s
2026-09-29 02:01:29 INFO __main__: epoch 27:  40% | train loss 0.1371 | 205 img/s
2026-09-29 02:02:03 INFO __main__: epoch 27:  50% | train loss 0.1368 | 209 img/s
2026-09-29 02:02:37 INFO __main__: epoch 27:  60% | train loss 0.1367 | 212 img/s
2026-09-29 02:03:11 INFO __main__: epoch 27:  70% | train loss 0.1369 | 214 img/s
2026-09-29 02:03:46 INFO __main__: epoch 27:  80% | train loss 0.1368 | 216 img/s
2026-09-29 02:04:20 INFO __main__: epoch 27:  90% | train loss 0.1373 | 218 img/s
2026-09-29 02:04:54 INFO __main__: epoch 27: 100% | train loss 0.1372 | 219 img/s
2026-09-29 02:05:22 INFO __main__: epoch 27/30 | lr 1e-07 | train loss 0.1373 | val loss 0.1478 | val AUC 0.8162 (Atelectasis 0.790, Effusion 0.880, Pneumonia 0.739) | 2 without improvement | 6.4 min
2026-09-29 02:05:57 INFO __main__: epoch 28:  10% | train loss 0.1326 | 228 img/s
2026-09-29 02:06:31 INFO __main__: epoch 28:  20% | train loss 0.1352 | 229 img/s
2026-09-29 02:07:05 INFO __main__: epoch 28:  30% | train loss 0.1358 | 229 img/s
2026-09-29 02:07:39 INFO __main__: epoch 28:  40% | train loss 0.1365 | 229 img/s
2026-09-29 02:08:14 INFO __main__: epoch 28:  50% | train loss 0.1373 | 229 img/s
2026-09-29 02:08:48 INFO __main__: epoch 28:  60% | train loss 0.1376 | 229 img/s
2026-09-29 02:09:22 INFO __main__: epoch 28:  70% | train loss 0.1373 | 229 img/s
2026-09-29 02:09:56 INFO __main__: epoch 28:  80% | train loss 0.1373 | 229 img/s
2026-09-29 02:10:30 INFO __main__: epoch 28:  90% | train loss 0.1373 | 229 img/s
2026-09-29 02:11:05 INFO __main__: epoch 28: 100% | train loss 0.1373 | 229 img/s
2026-09-29 02:11:33 INFO __main__: epoch 28/30 | lr 1e-08 | train loss 0.1373 | val loss 0.1479 | val AUC 0.8161 (Atelectasis 0.790, Effusion 0.880, Pneumonia 0.739) | 3 without improvement | 6.2 min
2026-09-29 02:12:07 INFO __main__: epoch 29:  10% | train loss 0.1383 | 228 img/s
2026-09-29 02:12:42 INFO __main__: epoch 29:  20% | train loss 0.1373 | 229 img/s
2026-09-29 02:13:16 INFO __main__: epoch 29:  30% | train loss 0.1364 | 229 img/s
2026-09-29 02:13:50 INFO __main__: epoch 29:  40% | train loss 0.1367 | 229 img/s
2026-09-29 02:14:24 INFO __main__: epoch 29:  50% | train loss 0.1366 | 229 img/s
2026-09-29 02:15:00 INFO __main__: epoch 29:  60% | train loss 0.1372 | 228 img/s
2026-09-29 02:15:47 INFO __main__: epoch 29:  70% | train loss 0.1369 | 217 img/s
2026-09-29 02:16:29 INFO __main__: epoch 29:  80% | train loss 0.1370 | 212 img/s
2026-09-29 02:17:08 INFO __main__: epoch 29:  90% | train loss 0.1374 | 211 img/s
2026-09-29 02:17:48 INFO __main__: epoch 29: 100% | train loss 0.1373 | 209 img/s
2026-09-29 02:18:20 INFO __main__: epoch 29/30 | lr 1e-08 | train loss 0.1373 | val loss 0.1479 | val AUC 0.8165 (Atelectasis 0.790, Effusion 0.880, Pneumonia 0.740) | 4 without improvement | 6.8 min
2026-09-29 02:18:59 INFO __main__: epoch 30:  10% | train loss 0.1338 | 198 img/s
2026-09-29 02:19:39 INFO __main__: epoch 30:  20% | train loss 0.1358 | 199 img/s
2026-09-29 02:20:18 INFO __main__: epoch 30:  30% | train loss 0.1369 | 199 img/s
2026-09-29 02:20:57 INFO __main__: epoch 30:  40% | train loss 0.1371 | 199 img/s
2026-09-29 02:21:37 INFO __main__: epoch 30:  50% | train loss 0.1376 | 199 img/s
2026-09-29 02:22:16 INFO __main__: epoch 30:  60% | train loss 0.1374 | 199 img/s
2026-09-29 02:22:56 INFO __main__: epoch 30:  70% | train loss 0.1375 | 199 img/s
2026-09-29 02:23:35 INFO __main__: epoch 30:  80% | train loss 0.1372 | 199 img/s
2026-09-29 02:24:14 INFO __main__: epoch 30:  90% | train loss 0.1374 | 199 img/s
2026-09-29 02:24:53 INFO __main__: epoch 30: 100% | train loss 0.1373 | 199 img/s
2026-09-29 02:25:25 INFO __main__: epoch 30/30 | lr 1e-08 | train loss 0.1373 | val loss 0.1479 | val AUC 0.8161 (Atelectasis 0.790, Effusion 0.880, Pneumonia 0.740) | 5 without improvement | 7.1 min
2026-09-29 02:25:25 INFO __main__: Finished 'e4_scratch': best mean val AUC 0.8169 at epoch 25 of 30 (early stopping)
