2026-09-29 02:25:29 INFO __main__: Experiment 'e5_official': 71255 train / 15269 val images, device cuda, AMP torch.float16, batch 32
2026-09-29 02:26:28 INFO __main__: epoch 1:  10% | train loss 0.2141 | 120 img/s
2026-09-29 02:27:04 INFO __main__: epoch 1:  20% | train loss 0.1814 | 149 img/s
2026-09-29 02:27:39 INFO __main__: epoch 1:  30% | train loss 0.1687 | 163 img/s
2026-09-29 02:28:15 INFO __main__: epoch 1:  40% | train loss 0.1625 | 170 img/s
2026-09-29 02:28:51 INFO __main__: epoch 1:  50% | train loss 0.1586 | 175 img/s
2026-09-29 02:29:27 INFO __main__: epoch 1:  60% | train loss 0.1559 | 179 img/s
2026-09-29 02:30:02 INFO __main__: epoch 1:  70% | train loss 0.1534 | 182 img/s
2026-09-29 02:30:33 INFO __main__: epoch 1:  80% | train loss 0.1517 | 187 img/s
2026-09-29 02:31:04 INFO __main__: epoch 1:  90% | train loss 0.1504 | 190 img/s
2026-09-29 02:31:35 INFO __main__: epoch 1: 100% | train loss 0.1496 | 194 img/s
2026-09-29 02:32:21 INFO __main__: epoch 1/30 | lr 1e-04 | train loss 0.1496 | val loss 0.1368 | val AUC 0.8056 (Atelectasis 0.805, Effusion 0.889, Pneumonia 0.765) | best | 6.9 min
2026-09-29 02:32:53 INFO __main__: epoch 2:  10% | train loss 0.1328 | 228 img/s
2026-09-29 02:33:24 INFO __main__: epoch 2:  20% | train loss 0.1357 | 228 img/s
2026-09-29 02:33:55 INFO __main__: epoch 2:  30% | train loss 0.1357 | 228 img/s
2026-09-29 02:34:26 INFO __main__: epoch 2:  40% | train loss 0.1351 | 229 img/s
2026-09-29 02:34:57 INFO __main__: epoch 2:  50% | train loss 0.1363 | 229 img/s
2026-09-29 02:35:28 INFO __main__: epoch 2:  60% | train loss 0.1364 | 229 img/s
2026-09-29 02:35:59 INFO __main__: epoch 2:  70% | train loss 0.1362 | 229 img/s
2026-09-29 02:36:29 INFO __main__: epoch 2:  80% | train loss 0.1356 | 229 img/s
2026-09-29 02:37:01 INFO __main__: epoch 2:  90% | train loss 0.1355 | 229 img/s
2026-09-29 02:37:31 INFO __main__: epoch 2: 100% | train loss 0.1353 | 229 img/s
2026-09-29 02:37:58 INFO __main__: epoch 2/30 | lr 1e-04 | train loss 0.1353 | val loss 0.1340 | val AUC 0.8272 (Atelectasis 0.809, Effusion 0.901, Pneumonia 0.775) | best | 5.6 min
2026-09-29 02:38:29 INFO __main__: epoch 3:  10% | train loss 0.1294 | 228 img/s
2026-09-29 02:39:00 INFO __main__: epoch 3:  20% | train loss 0.1312 | 229 img/s
2026-09-29 02:39:31 INFO __main__: epoch 3:  30% | train loss 0.1319 | 229 img/s
2026-09-29 02:40:02 INFO __main__: epoch 3:  40% | train loss 0.1321 | 229 img/s
2026-09-29 02:40:33 INFO __main__: epoch 3:  50% | train loss 0.1318 | 229 img/s
2026-09-29 02:41:04 INFO __main__: epoch 3:  60% | train loss 0.1315 | 229 img/s
2026-09-29 02:41:35 INFO __main__: epoch 3:  70% | train loss 0.1318 | 229 img/s
2026-09-29 02:42:06 INFO __main__: epoch 3:  80% | train loss 0.1321 | 229 img/s
2026-09-29 02:42:37 INFO __main__: epoch 3:  90% | train loss 0.1322 | 229 img/s
2026-09-29 02:43:08 INFO __main__: epoch 3: 100% | train loss 0.1319 | 229 img/s
2026-09-29 02:43:35 INFO __main__: epoch 3/30 | lr 1e-04 | train loss 0.1319 | val loss 0.1326 | val AUC 0.8314 (Atelectasis 0.823, Effusion 0.895, Pneumonia 0.777) | best | 5.6 min
2026-09-29 02:44:06 INFO __main__: epoch 4:  10% | train loss 0.1323 | 228 img/s
2026-09-29 02:44:37 INFO __main__: epoch 4:  20% | train loss 0.1295 | 228 img/s
2026-09-29 02:45:08 INFO __main__: epoch 4:  30% | train loss 0.1301 | 228 img/s
2026-09-29 02:45:39 INFO __main__: epoch 4:  40% | train loss 0.1300 | 229 img/s
2026-09-29 02:46:10 INFO __main__: epoch 4:  50% | train loss 0.1299 | 229 img/s
2026-09-29 02:46:41 INFO __main__: epoch 4:  60% | train loss 0.1298 | 229 img/s
2026-09-29 02:47:12 INFO __main__: epoch 4:  70% | train loss 0.1298 | 229 img/s
2026-09-29 02:47:43 INFO __main__: epoch 4:  80% | train loss 0.1294 | 229 img/s
2026-09-29 02:48:14 INFO __main__: epoch 4:  90% | train loss 0.1294 | 229 img/s
2026-09-29 02:48:45 INFO __main__: epoch 4: 100% | train loss 0.1294 | 229 img/s
2026-09-29 02:49:11 INFO __main__: epoch 4/30 | lr 1e-04 | train loss 0.1294 | val loss 0.1326 | val AUC 0.8300 (Atelectasis 0.818, Effusion 0.896, Pneumonia 0.770) | 1 without improvement | 5.6 min
2026-09-29 02:49:43 INFO __main__: epoch 5:  10% | train loss 0.1267 | 228 img/s
2026-09-29 02:50:14 INFO __main__: epoch 5:  20% | train loss 0.1264 | 229 img/s
2026-09-29 02:50:45 INFO __main__: epoch 5:  30% | train loss 0.1267 | 229 img/s
2026-09-29 02:51:16 INFO __main__: epoch 5:  40% | train loss 0.1265 | 229 img/s
2026-09-29 02:51:47 INFO __main__: epoch 5:  50% | train loss 0.1273 | 229 img/s
2026-09-29 02:52:18 INFO __main__: epoch 5:  60% | train loss 0.1274 | 229 img/s
2026-09-29 02:52:49 INFO __main__: epoch 5:  70% | train loss 0.1274 | 229 img/s
2026-09-29 02:53:20 INFO __main__: epoch 5:  80% | train loss 0.1274 | 229 img/s
2026-09-29 02:53:51 INFO __main__: epoch 5:  90% | train loss 0.1274 | 229 img/s
2026-09-29 02:54:22 INFO __main__: epoch 5: 100% | train loss 0.1274 | 229 img/s
2026-09-29 02:54:48 INFO __main__: epoch 5/30 | lr 1e-04 | train loss 0.1274 | val loss 0.1312 | val AUC 0.8391 (Atelectasis 0.831, Effusion 0.901, Pneumonia 0.774) | best | 5.6 min
2026-09-29 02:55:19 INFO __main__: epoch 6:  10% | train loss 0.1237 | 228 img/s
2026-09-29 02:55:50 INFO __main__: epoch 6:  20% | train loss 0.1238 | 229 img/s
2026-09-29 02:56:21 INFO __main__: epoch 6:  30% | train loss 0.1241 | 229 img/s
2026-09-29 02:56:53 INFO __main__: epoch 6:  40% | train loss 0.1243 | 229 img/s
2026-09-29 02:57:24 INFO __main__: epoch 6:  50% | train loss 0.1248 | 229 img/s
2026-09-29 02:57:55 INFO __main__: epoch 6:  60% | train loss 0.1251 | 229 img/s
2026-09-29 02:58:26 INFO __main__: epoch 6:  70% | train loss 0.1253 | 229 img/s
2026-09-29 02:58:57 INFO __main__: epoch 6:  80% | train loss 0.1253 | 229 img/s
2026-09-29 02:59:28 INFO __main__: epoch 6:  90% | train loss 0.1253 | 229 img/s
2026-09-29 02:59:59 INFO __main__: epoch 6: 100% | train loss 0.1252 | 229 img/s
2026-09-29 03:00:25 INFO __main__: epoch 6/30 | lr 1e-04 | train loss 0.1251 | val loss 0.1309 | val AUC 0.8394 (Atelectasis 0.830, Effusion 0.895, Pneumonia 0.777) | best | 5.6 min
2026-09-29 03:00:56 INFO __main__: epoch 7:  10% | train loss 0.1210 | 228 img/s
2026-09-29 03:01:27 INFO __main__: epoch 7:  20% | train loss 0.1213 | 229 img/s
2026-09-29 03:01:58 INFO __main__: epoch 7:  30% | train loss 0.1219 | 229 img/s
2026-09-29 03:02:29 INFO __main__: epoch 7:  40% | train loss 0.1220 | 229 img/s
2026-09-29 03:03:00 INFO __main__: epoch 7:  50% | train loss 0.1225 | 229 img/s
2026-09-29 03:03:31 INFO __main__: epoch 7:  60% | train loss 0.1229 | 229 img/s
2026-09-29 03:04:02 INFO __main__: epoch 7:  70% | train loss 0.1228 | 229 img/s
2026-09-29 03:04:33 INFO __main__: epoch 7:  80% | train loss 0.1229 | 229 img/s
2026-09-29 03:05:04 INFO __main__: epoch 7:  90% | train loss 0.1230 | 229 img/s
2026-09-29 03:05:35 INFO __main__: epoch 7: 100% | train loss 0.1229 | 229 img/s
2026-09-29 03:06:02 INFO __main__: epoch 7/30 | lr 1e-04 | train loss 0.1228 | val loss 0.1323 | val AUC 0.8352 (Atelectasis 0.828, Effusion 0.899, Pneumonia 0.781) | 1 without improvement | 5.6 min
2026-09-29 03:06:33 INFO __main__: epoch 8:  10% | train loss 0.1196 | 228 img/s
2026-09-29 03:07:04 INFO __main__: epoch 8:  20% | train loss 0.1199 | 229 img/s
2026-09-29 03:07:35 INFO __main__: epoch 8:  30% | train loss 0.1202 | 229 img/s
2026-09-29 03:08:06 INFO __main__: epoch 8:  40% | train loss 0.1203 | 229 img/s
2026-09-29 03:08:37 INFO __main__: epoch 8:  50% | train loss 0.1200 | 229 img/s
2026-09-29 03:09:08 INFO __main__: epoch 8:  60% | train loss 0.1206 | 229 img/s
2026-09-29 03:09:39 INFO __main__: epoch 8:  70% | train loss 0.1205 | 229 img/s
2026-09-29 03:10:10 INFO __main__: epoch 8:  80% | train loss 0.1204 | 229 img/s
2026-09-29 03:10:41 INFO __main__: epoch 8:  90% | train loss 0.1204 | 229 img/s
2026-09-29 03:11:12 INFO __main__: epoch 8: 100% | train loss 0.1204 | 229 img/s
2026-09-29 03:11:38 INFO __main__: epoch 8/30 | lr 1e-04 | train loss 0.1204 | val loss 0.1321 | val AUC 0.8382 (Atelectasis 0.831, Effusion 0.897, Pneumonia 0.792) | 2 without improvement | 5.6 min
2026-09-29 03:12:10 INFO __main__: epoch 9:  10% | train loss 0.1174 | 227 img/s
2026-09-29 03:12:41 INFO __main__: epoch 9:  20% | train loss 0.1162 | 228 img/s
2026-09-29 03:13:12 INFO __main__: epoch 9:  30% | train loss 0.1139 | 229 img/s
2026-09-29 03:13:43 INFO __main__: epoch 9:  40% | train loss 0.1140 | 229 img/s
2026-09-29 03:14:14 INFO __main__: epoch 9:  50% | train loss 0.1138 | 229 img/s
2026-09-29 03:14:45 INFO __main__: epoch 9:  60% | train loss 0.1131 | 229 img/s
2026-09-29 03:15:16 INFO __main__: epoch 9:  70% | train loss 0.1131 | 229 img/s
2026-09-29 03:15:47 INFO __main__: epoch 9:  80% | train loss 0.1128 | 229 img/s
2026-09-29 03:16:18 INFO __main__: epoch 9:  90% | train loss 0.1127 | 229 img/s
2026-09-29 03:16:48 INFO __main__: epoch 9: 100% | train loss 0.1127 | 229 img/s
2026-09-29 03:17:15 INFO __main__: epoch 9/30 | lr 1e-05 | train loss 0.1126 | val loss 0.1314 | val AUC 0.8396 (Atelectasis 0.833, Effusion 0.898, Pneumonia 0.770) | best | 5.6 min
2026-09-29 03:17:46 INFO __main__: epoch 10:  10% | train loss 0.1100 | 228 img/s
2026-09-29 03:18:17 INFO __main__: epoch 10:  20% | train loss 0.1097 | 229 img/s
2026-09-29 03:18:48 INFO __main__: epoch 10:  30% | train loss 0.1097 | 229 img/s
2026-09-29 03:19:19 INFO __main__: epoch 10:  40% | train loss 0.1094 | 229 img/s
2026-09-29 03:19:50 INFO __main__: epoch 10:  50% | train loss 0.1094 | 229 img/s
2026-09-29 03:20:21 INFO __main__: epoch 10:  60% | train loss 0.1098 | 229 img/s
2026-09-29 03:20:52 INFO __main__: epoch 10:  70% | train loss 0.1096 | 229 img/s
2026-09-29 03:21:23 INFO __main__: epoch 10:  80% | train loss 0.1102 | 229 img/s
2026-09-29 03:21:54 INFO __main__: epoch 10:  90% | train loss 0.1103 | 229 img/s
2026-09-29 03:22:25 INFO __main__: epoch 10: 100% | train loss 0.1099 | 229 img/s
2026-09-29 03:22:51 INFO __main__: epoch 10/30 | lr 1e-05 | train loss 0.1099 | val loss 0.1330 | val AUC 0.8358 (Atelectasis 0.829, Effusion 0.895, Pneumonia 0.761) | 1 without improvement | 5.6 min
2026-09-29 03:23:23 INFO __main__: epoch 11:  10% | train loss 0.1075 | 228 img/s
2026-09-29 03:23:54 INFO __main__: epoch 11:  20% | train loss 0.1086 | 229 img/s
2026-09-29 03:24:25 INFO __main__: epoch 11:  30% | train loss 0.1083 | 228 img/s
2026-09-29 03:24:56 INFO __main__: epoch 11:  40% | train loss 0.1085 | 229 img/s
2026-09-29 03:25:27 INFO __main__: epoch 11:  50% | train loss 0.1087 | 229 img/s
2026-09-29 03:25:58 INFO __main__: epoch 11:  60% | train loss 0.1085 | 229 img/s
2026-09-29 03:26:29 INFO __main__: epoch 11:  70% | train loss 0.1082 | 229 img/s
2026-09-29 03:27:00 INFO __main__: epoch 11:  80% | train loss 0.1079 | 229 img/s
2026-09-29 03:27:31 INFO __main__: epoch 11:  90% | train loss 0.1076 | 229 img/s
2026-09-29 03:28:02 INFO __main__: epoch 11: 100% | train loss 0.1078 | 229 img/s
2026-09-29 03:28:28 INFO __main__: epoch 11/30 | lr 1e-05 | train loss 0.1078 | val loss 0.1339 | val AUC 0.8344 (Atelectasis 0.829, Effusion 0.896, Pneumonia 0.754) | 2 without improvement | 5.6 min
2026-09-29 03:28:59 INFO __main__: epoch 12:  10% | train loss 0.1046 | 228 img/s
2026-09-29 03:29:30 INFO __main__: epoch 12:  20% | train loss 0.1056 | 229 img/s
2026-09-29 03:30:01 INFO __main__: epoch 12:  30% | train loss 0.1065 | 229 img/s
2026-09-29 03:30:32 INFO __main__: epoch 12:  40% | train loss 0.1059 | 229 img/s
2026-09-29 03:31:03 INFO __main__: epoch 12:  50% | train loss 0.1058 | 229 img/s
2026-09-29 03:31:34 INFO __main__: epoch 12:  60% | train loss 0.1061 | 229 img/s
2026-09-29 03:32:05 INFO __main__: epoch 12:  70% | train loss 0.1061 | 229 img/s
2026-09-29 03:32:36 INFO __main__: epoch 12:  80% | train loss 0.1060 | 229 img/s
2026-09-29 03:33:07 INFO __main__: epoch 12:  90% | train loss 0.1061 | 229 img/s
2026-09-29 03:33:38 INFO __main__: epoch 12: 100% | train loss 0.1059 | 229 img/s
2026-09-29 03:34:05 INFO __main__: epoch 12/30 | lr 1e-06 | train loss 0.1059 | val loss 0.1340 | val AUC 0.8339 (Atelectasis 0.829, Effusion 0.895, Pneumonia 0.753) | 3 without improvement | 5.6 min
2026-09-29 03:34:36 INFO __main__: epoch 13:  10% | train loss 0.1066 | 228 img/s
2026-09-29 03:35:07 INFO __main__: epoch 13:  20% | train loss 0.1061 | 229 img/s
2026-09-29 03:35:38 INFO __main__: epoch 13:  30% | train loss 0.1059 | 229 img/s
2026-09-29 03:36:09 INFO __main__: epoch 13:  40% | train loss 0.1058 | 229 img/s
2026-09-29 03:36:40 INFO __main__: epoch 13:  50% | train loss 0.1052 | 229 img/s
2026-09-29 03:37:11 INFO __main__: epoch 13:  60% | train loss 0.1057 | 229 img/s
2026-09-29 03:37:42 INFO __main__: epoch 13:  70% | train loss 0.1060 | 229 img/s
2026-09-29 03:38:13 INFO __main__: epoch 13:  80% | train loss 0.1058 | 229 img/s
2026-09-29 03:38:44 INFO __main__: epoch 13:  90% | train loss 0.1058 | 229 img/s
2026-09-29 03:39:15 INFO __main__: epoch 13: 100% | train loss 0.1057 | 229 img/s
2026-09-29 03:39:41 INFO __main__: epoch 13/30 | lr 1e-06 | train loss 0.1057 | val loss 0.1342 | val AUC 0.8338 (Atelectasis 0.829, Effusion 0.895, Pneumonia 0.754) | 4 without improvement | 5.6 min
2026-09-29 03:40:12 INFO __main__: epoch 14:  10% | train loss 0.1054 | 227 img/s
2026-09-29 03:40:43 INFO __main__: epoch 14:  20% | train loss 0.1057 | 228 img/s
2026-09-29 03:41:14 INFO __main__: epoch 14:  30% | train loss 0.1060 | 229 img/s
2026-09-29 03:41:45 INFO __main__: epoch 14:  40% | train loss 0.1056 | 229 img/s
2026-09-29 03:42:16 INFO __main__: epoch 14:  50% | train loss 0.1058 | 229 img/s
2026-09-29 03:42:47 INFO __main__: epoch 14:  60% | train loss 0.1057 | 229 img/s
2026-09-29 03:43:18 INFO __main__: epoch 14:  70% | train loss 0.1055 | 229 img/s
2026-09-29 03:43:49 INFO __main__: epoch 14:  80% | train loss 0.1053 | 229 img/s
2026-09-29 03:44:20 INFO __main__: epoch 14:  90% | train loss 0.1051 | 229 img/s
2026-09-29 03:44:51 INFO __main__: epoch 14: 100% | train loss 0.1053 | 229 img/s
2026-09-29 03:45:18 INFO __main__: epoch 14/30 | lr 1e-07 | train loss 0.1053 | val loss 0.1339 | val AUC 0.8338 (Atelectasis 0.829, Effusion 0.895, Pneumonia 0.751) | 5 without improvement | 5.6 min
2026-09-29 03:45:18 INFO __main__: Finished 'e5_official': best mean val AUC 0.8396 at epoch 9 of 14 (early stopping)
