2026-09-28 19:20:34 INFO __main__: Experiment 'e3_noaug': 78486 train / 16812 val images, device cuda, AMP torch.float16, batch 32
2026-09-28 19:21:35 INFO __main__: epoch 1:  10% | train loss 0.2260 | 130 img/s
2026-09-28 19:22:11 INFO __main__: epoch 1:  20% | train loss 0.1968 | 162 img/s
2026-09-28 19:22:48 INFO __main__: epoch 1:  30% | train loss 0.1835 | 176 img/s
2026-09-28 19:23:25 INFO __main__: epoch 1:  40% | train loss 0.1771 | 184 img/s
2026-09-28 19:24:01 INFO __main__: epoch 1:  50% | train loss 0.1726 | 190 img/s
2026-09-28 19:24:37 INFO __main__: epoch 1:  60% | train loss 0.1694 | 194 img/s
2026-09-28 19:25:14 INFO __main__: epoch 1:  70% | train loss 0.1669 | 196 img/s
2026-09-28 19:25:51 INFO __main__: epoch 1:  80% | train loss 0.1652 | 198 img/s
2026-09-28 19:26:30 INFO __main__: epoch 1:  90% | train loss 0.1637 | 198 img/s
2026-09-28 19:27:05 INFO __main__: epoch 1: 100% | train loss 0.1620 | 201 img/s
2026-09-28 19:27:56 INFO __main__: epoch 1/30 | lr 1e-04 | train loss 0.1620 | val loss 0.1485 | val AUC 0.8141 (Atelectasis 0.799, Effusion 0.877, Pneumonia 0.745) | best | 7.3 min
2026-09-28 19:28:30 INFO __main__: epoch 2:  10% | train loss 0.1433 | 225 img/s
2026-09-28 19:29:05 INFO __main__: epoch 2:  20% | train loss 0.1440 | 225 img/s
2026-09-28 19:29:41 INFO __main__: epoch 2:  30% | train loss 0.1451 | 222 img/s
2026-09-28 19:30:17 INFO __main__: epoch 2:  40% | train loss 0.1448 | 222 img/s
2026-09-28 19:30:52 INFO __main__: epoch 2:  50% | train loss 0.1452 | 222 img/s
2026-09-28 19:31:27 INFO __main__: epoch 2:  60% | train loss 0.1453 | 223 img/s
2026-09-28 19:32:02 INFO __main__: epoch 2:  70% | train loss 0.1455 | 223 img/s
2026-09-28 19:32:37 INFO __main__: epoch 2:  80% | train loss 0.1454 | 223 img/s
2026-09-28 19:33:13 INFO __main__: epoch 2:  90% | train loss 0.1455 | 223 img/s
2026-09-28 19:33:48 INFO __main__: epoch 2: 100% | train loss 0.1455 | 223 img/s
2026-09-28 19:34:16 INFO __main__: epoch 2/30 | lr 1e-04 | train loss 0.1455 | val loss 0.1454 | val AUC 0.8245 (Atelectasis 0.810, Effusion 0.881, Pneumonia 0.736) | best | 6.3 min
2026-09-28 19:34:51 INFO __main__: epoch 3:  10% | train loss 0.1359 | 223 img/s
2026-09-28 19:35:26 INFO __main__: epoch 3:  20% | train loss 0.1362 | 223 img/s
2026-09-28 19:36:02 INFO __main__: epoch 3:  30% | train loss 0.1372 | 223 img/s
2026-09-28 19:36:37 INFO __main__: epoch 3:  40% | train loss 0.1377 | 223 img/s
2026-09-28 19:37:12 INFO __main__: epoch 3:  50% | train loss 0.1383 | 223 img/s
2026-09-28 19:37:47 INFO __main__: epoch 3:  60% | train loss 0.1389 | 223 img/s
2026-09-28 19:38:22 INFO __main__: epoch 3:  70% | train loss 0.1385 | 223 img/s
2026-09-28 19:38:57 INFO __main__: epoch 3:  80% | train loss 0.1386 | 223 img/s
2026-09-28 19:39:32 INFO __main__: epoch 3:  90% | train loss 0.1388 | 223 img/s
2026-09-28 19:40:07 INFO __main__: epoch 3: 100% | train loss 0.1384 | 223 img/s
2026-09-28 19:40:36 INFO __main__: epoch 3/30 | lr 1e-04 | train loss 0.1384 | val loss 0.1455 | val AUC 0.8295 (Atelectasis 0.814, Effusion 0.879, Pneumonia 0.750) | best | 6.3 min
2026-09-28 19:41:11 INFO __main__: epoch 4:  10% | train loss 0.1262 | 223 img/s
2026-09-28 19:41:46 INFO __main__: epoch 4:  20% | train loss 0.1269 | 222 img/s
2026-09-28 19:42:22 INFO __main__: epoch 4:  30% | train loss 0.1280 | 221 img/s
2026-09-28 19:42:58 INFO __main__: epoch 4:  40% | train loss 0.1284 | 221 img/s
2026-09-28 19:43:33 INFO __main__: epoch 4:  50% | train loss 0.1292 | 221 img/s
2026-09-28 19:44:08 INFO __main__: epoch 4:  60% | train loss 0.1298 | 221 img/s
2026-09-28 19:44:43 INFO __main__: epoch 4:  70% | train loss 0.1298 | 222 img/s
2026-09-28 19:45:18 INFO __main__: epoch 4:  80% | train loss 0.1297 | 222 img/s
2026-09-28 19:45:53 INFO __main__: epoch 4:  90% | train loss 0.1296 | 222 img/s
2026-09-28 19:46:28 INFO __main__: epoch 4: 100% | train loss 0.1298 | 222 img/s
2026-09-28 19:46:57 INFO __main__: epoch 4/30 | lr 1e-04 | train loss 0.1298 | val loss 0.1495 | val AUC 0.8219 (Atelectasis 0.810, Effusion 0.876, Pneumonia 0.747) | 1 without improvement | 6.3 min
2026-09-28 19:47:32 INFO __main__: epoch 5:  10% | train loss 0.1126 | 222 img/s
2026-09-28 19:48:07 INFO __main__: epoch 5:  20% | train loss 0.1131 | 223 img/s
2026-09-28 19:48:42 INFO __main__: epoch 5:  30% | train loss 0.1144 | 223 img/s
2026-09-28 19:49:17 INFO __main__: epoch 5:  40% | train loss 0.1160 | 223 img/s
2026-09-28 19:49:53 INFO __main__: epoch 5:  50% | train loss 0.1163 | 223 img/s
2026-09-28 19:50:27 INFO __main__: epoch 5:  60% | train loss 0.1167 | 223 img/s
2026-09-28 19:51:03 INFO __main__: epoch 5:  70% | train loss 0.1172 | 223 img/s
2026-09-28 19:51:38 INFO __main__: epoch 5:  80% | train loss 0.1174 | 223 img/s
2026-09-28 19:52:13 INFO __main__: epoch 5:  90% | train loss 0.1178 | 223 img/s
2026-09-28 19:52:48 INFO __main__: epoch 5: 100% | train loss 0.1180 | 223 img/s
2026-09-28 19:53:16 INFO __main__: epoch 5/30 | lr 1e-04 | train loss 0.1180 | val loss 0.1577 | val AUC 0.8133 (Atelectasis 0.794, Effusion 0.866, Pneumonia 0.734) | 2 without improvement | 6.3 min
2026-09-28 19:53:52 INFO __main__: epoch 6:  10% | train loss 0.0974 | 222 img/s
2026-09-28 19:54:27 INFO __main__: epoch 6:  20% | train loss 0.0946 | 223 img/s
2026-09-28 19:55:02 INFO __main__: epoch 6:  30% | train loss 0.0923 | 223 img/s
2026-09-28 19:55:37 INFO __main__: epoch 6:  40% | train loss 0.0916 | 223 img/s
2026-09-28 19:56:12 INFO __main__: epoch 6:  50% | train loss 0.0905 | 223 img/s
2026-09-28 19:56:47 INFO __main__: epoch 6:  60% | train loss 0.0898 | 223 img/s
2026-09-28 19:57:22 INFO __main__: epoch 6:  70% | train loss 0.0892 | 223 img/s
2026-09-28 19:57:58 INFO __main__: epoch 6:  80% | train loss 0.0886 | 223 img/s
2026-09-28 19:58:33 INFO __main__: epoch 6:  90% | train loss 0.0880 | 223 img/s
2026-09-28 19:59:08 INFO __main__: epoch 6: 100% | train loss 0.0875 | 223 img/s
2026-09-28 19:59:37 INFO __main__: epoch 6/30 | lr 1e-05 | train loss 0.0875 | val loss 0.1635 | val AUC 0.8027 (Atelectasis 0.786, Effusion 0.866, Pneumonia 0.715) | 3 without improvement | 6.3 min
2026-09-28 20:00:12 INFO __main__: epoch 7:  10% | train loss 0.0748 | 222 img/s
2026-09-28 20:00:47 INFO __main__: epoch 7:  20% | train loss 0.0753 | 223 img/s
2026-09-28 20:01:22 INFO __main__: epoch 7:  30% | train loss 0.0748 | 223 img/s
2026-09-28 20:01:57 INFO __main__: epoch 7:  40% | train loss 0.0748 | 224 img/s
2026-09-28 20:02:32 INFO __main__: epoch 7:  50% | train loss 0.0744 | 224 img/s
2026-09-28 20:03:07 INFO __main__: epoch 7:  60% | train loss 0.0739 | 224 img/s
2026-09-28 20:03:41 INFO __main__: epoch 7:  70% | train loss 0.0735 | 224 img/s
2026-09-28 20:04:16 INFO __main__: epoch 7:  80% | train loss 0.0733 | 224 img/s
2026-09-28 20:04:51 INFO __main__: epoch 7:  90% | train loss 0.0733 | 224 img/s
2026-09-28 20:05:26 INFO __main__: epoch 7: 100% | train loss 0.0734 | 224 img/s
2026-09-28 20:05:54 INFO __main__: epoch 7/30 | lr 1e-05 | train loss 0.0734 | val loss 0.1726 | val AUC 0.7944 (Atelectasis 0.779, Effusion 0.861, Pneumonia 0.702) | 4 without improvement | 6.3 min
2026-09-28 20:06:29 INFO __main__: epoch 8:  10% | train loss 0.0634 | 224 img/s
2026-09-28 20:07:04 INFO __main__: epoch 8:  20% | train loss 0.0639 | 224 img/s
2026-09-28 20:07:39 INFO __main__: epoch 8:  30% | train loss 0.0633 | 224 img/s
2026-09-28 20:08:15 INFO __main__: epoch 8:  40% | train loss 0.0633 | 224 img/s
2026-09-28 20:08:50 INFO __main__: epoch 8:  50% | train loss 0.0634 | 224 img/s
2026-09-28 20:09:24 INFO __main__: epoch 8:  60% | train loss 0.0635 | 224 img/s
2026-09-28 20:09:59 INFO __main__: epoch 8:  70% | train loss 0.0632 | 224 img/s
2026-09-28 20:10:34 INFO __main__: epoch 8:  80% | train loss 0.0630 | 224 img/s
2026-09-28 20:11:09 INFO __main__: epoch 8:  90% | train loss 0.0629 | 224 img/s
2026-09-28 20:11:44 INFO __main__: epoch 8: 100% | train loss 0.0630 | 224 img/s
2026-09-28 20:12:13 INFO __main__: epoch 8/30 | lr 1e-06 | train loss 0.0630 | val loss 0.1748 | val AUC 0.7896 (Atelectasis 0.774, Effusion 0.858, Pneumonia 0.700) | 5 without improvement | 6.3 min
2026-09-28 20:12:13 INFO __main__: Finished 'e3_noaug': best mean val AUC 0.8295 at epoch 3 of 8 (early stopping)
