2026-09-28 20:12:15 INFO __main__: Experiment 'e1_baseline_seed43': 78486 train / 16812 val images, device cuda, AMP torch.float16, batch 32
2026-09-28 20:13:10 INFO __main__: epoch 1:  10% | train loss 0.2238 | 144 img/s
2026-09-28 20:13:45 INFO __main__: epoch 1:  20% | train loss 0.1962 | 176 img/s
2026-09-28 20:14:19 INFO __main__: epoch 1:  30% | train loss 0.1846 | 190 img/s
2026-09-28 20:14:54 INFO __main__: epoch 1:  40% | train loss 0.1791 | 198 img/s
2026-09-28 20:15:29 INFO __main__: epoch 1:  50% | train loss 0.1742 | 203 img/s
2026-09-28 20:16:03 INFO __main__: epoch 1:  60% | train loss 0.1712 | 206 img/s
2026-09-28 20:16:38 INFO __main__: epoch 1:  70% | train loss 0.1692 | 209 img/s
2026-09-28 20:17:13 INFO __main__: epoch 1:  80% | train loss 0.1671 | 211 img/s
2026-09-28 20:17:48 INFO __main__: epoch 1:  90% | train loss 0.1656 | 212 img/s
2026-09-28 20:18:23 INFO __main__: epoch 1: 100% | train loss 0.1643 | 213 img/s
2026-09-28 20:19:11 INFO __main__: epoch 1/30 | lr 1e-04 | train loss 0.1643 | val loss 0.1490 | val AUC 0.8063 (Atelectasis 0.795, Effusion 0.877, Pneumonia 0.723) | best | 6.9 min
2026-09-28 20:19:46 INFO __main__: epoch 2:  10% | train loss 0.1519 | 222 img/s
2026-09-28 20:20:21 INFO __main__: epoch 2:  20% | train loss 0.1513 | 223 img/s
2026-09-28 20:20:56 INFO __main__: epoch 2:  30% | train loss 0.1506 | 224 img/s
2026-09-28 20:21:31 INFO __main__: epoch 2:  40% | train loss 0.1505 | 224 img/s
2026-09-28 20:22:08 INFO __main__: epoch 2:  50% | train loss 0.1504 | 221 img/s
2026-09-28 20:22:44 INFO __main__: epoch 2:  60% | train loss 0.1509 | 221 img/s
2026-09-28 20:23:19 INFO __main__: epoch 2:  70% | train loss 0.1504 | 221 img/s
2026-09-28 20:23:54 INFO __main__: epoch 2:  80% | train loss 0.1502 | 222 img/s
2026-09-28 20:24:29 INFO __main__: epoch 2:  90% | train loss 0.1503 | 222 img/s
2026-09-28 20:25:04 INFO __main__: epoch 2: 100% | train loss 0.1503 | 222 img/s
2026-09-28 20:25:33 INFO __main__: epoch 2/30 | lr 1e-04 | train loss 0.1503 | val loss 0.1489 | val AUC 0.8161 (Atelectasis 0.789, Effusion 0.867, Pneumonia 0.736) | best | 6.4 min
2026-09-28 20:26:09 INFO __main__: epoch 3:  10% | train loss 0.1483 | 219 img/s
2026-09-28 20:26:44 INFO __main__: epoch 3:  20% | train loss 0.1480 | 222 img/s
2026-09-28 20:27:19 INFO __main__: epoch 3:  30% | train loss 0.1465 | 223 img/s
2026-09-28 20:27:54 INFO __main__: epoch 3:  40% | train loss 0.1470 | 223 img/s
2026-09-28 20:28:29 INFO __main__: epoch 3:  50% | train loss 0.1473 | 223 img/s
2026-09-28 20:29:04 INFO __main__: epoch 3:  60% | train loss 0.1472 | 223 img/s
2026-09-28 20:29:39 INFO __main__: epoch 3:  70% | train loss 0.1473 | 224 img/s
2026-09-28 20:30:14 INFO __main__: epoch 3:  80% | train loss 0.1473 | 224 img/s
2026-09-28 20:30:49 INFO __main__: epoch 3:  90% | train loss 0.1469 | 223 img/s
2026-09-28 20:31:24 INFO __main__: epoch 3: 100% | train loss 0.1469 | 224 img/s
2026-09-28 20:31:53 INFO __main__: epoch 3/30 | lr 1e-04 | train loss 0.1469 | val loss 0.1454 | val AUC 0.8302 (Atelectasis 0.814, Effusion 0.875, Pneumonia 0.761) | best | 6.3 min
2026-09-28 20:32:28 INFO __main__: epoch 4:  10% | train loss 0.1454 | 223 img/s
2026-09-28 20:33:03 INFO __main__: epoch 4:  20% | train loss 0.1442 | 224 img/s
2026-09-28 20:33:38 INFO __main__: epoch 4:  30% | train loss 0.1437 | 224 img/s
2026-09-28 20:34:13 INFO __main__: epoch 4:  40% | train loss 0.1437 | 224 img/s
2026-09-28 20:34:48 INFO __main__: epoch 4:  50% | train loss 0.1436 | 224 img/s
2026-09-28 20:35:23 INFO __main__: epoch 4:  60% | train loss 0.1436 | 224 img/s
2026-09-28 20:35:58 INFO __main__: epoch 4:  70% | train loss 0.1438 | 224 img/s
2026-09-28 20:36:32 INFO __main__: epoch 4:  80% | train loss 0.1439 | 224 img/s
2026-09-28 20:37:07 INFO __main__: epoch 4:  90% | train loss 0.1442 | 224 img/s
2026-09-28 20:37:42 INFO __main__: epoch 4: 100% | train loss 0.1440 | 224 img/s
2026-09-28 20:38:11 INFO __main__: epoch 4/30 | lr 1e-04 | train loss 0.1440 | val loss 0.1441 | val AUC 0.8326 (Atelectasis 0.804, Effusion 0.885, Pneumonia 0.751) | best | 6.3 min
2026-09-28 20:38:46 INFO __main__: epoch 5:  10% | train loss 0.1377 | 224 img/s
2026-09-28 20:39:21 INFO __main__: epoch 5:  20% | train loss 0.1396 | 224 img/s
2026-09-28 20:39:56 INFO __main__: epoch 5:  30% | train loss 0.1407 | 224 img/s
2026-09-28 20:40:31 INFO __main__: epoch 5:  40% | train loss 0.1405 | 224 img/s
2026-09-28 20:41:06 INFO __main__: epoch 5:  50% | train loss 0.1408 | 224 img/s
2026-09-28 20:41:41 INFO __main__: epoch 5:  60% | train loss 0.1412 | 224 img/s
2026-09-28 20:42:16 INFO __main__: epoch 5:  70% | train loss 0.1414 | 224 img/s
2026-09-28 20:42:50 INFO __main__: epoch 5:  80% | train loss 0.1411 | 224 img/s
2026-09-28 20:43:25 INFO __main__: epoch 5:  90% | train loss 0.1413 | 224 img/s
2026-09-28 20:44:00 INFO __main__: epoch 5: 100% | train loss 0.1415 | 224 img/s
2026-09-28 20:44:29 INFO __main__: epoch 5/30 | lr 1e-04 | train loss 0.1416 | val loss 0.1455 | val AUC 0.8296 (Atelectasis 0.812, Effusion 0.878, Pneumonia 0.763) | 1 without improvement | 6.3 min
2026-09-28 20:45:04 INFO __main__: epoch 6:  10% | train loss 0.1382 | 223 img/s
2026-09-28 20:45:39 INFO __main__: epoch 6:  20% | train loss 0.1383 | 224 img/s
2026-09-28 20:46:14 INFO __main__: epoch 6:  30% | train loss 0.1392 | 224 img/s
2026-09-28 20:46:49 INFO __main__: epoch 6:  40% | train loss 0.1396 | 224 img/s
2026-09-28 20:47:24 INFO __main__: epoch 6:  50% | train loss 0.1390 | 224 img/s
2026-09-28 20:47:59 INFO __main__: epoch 6:  60% | train loss 0.1395 | 224 img/s
2026-09-28 20:48:34 INFO __main__: epoch 6:  70% | train loss 0.1390 | 224 img/s
2026-09-28 20:49:09 INFO __main__: epoch 6:  80% | train loss 0.1391 | 224 img/s
2026-09-28 20:49:43 INFO __main__: epoch 6:  90% | train loss 0.1391 | 224 img/s
2026-09-28 20:50:18 INFO __main__: epoch 6: 100% | train loss 0.1391 | 224 img/s
2026-09-28 20:50:47 INFO __main__: epoch 6/30 | lr 1e-04 | train loss 0.1391 | val loss 0.1456 | val AUC 0.8290 (Atelectasis 0.811, Effusion 0.884, Pneumonia 0.764) | 2 without improvement | 6.3 min
2026-09-28 20:51:22 INFO __main__: epoch 7:  10% | train loss 0.1342 | 223 img/s
2026-09-28 20:51:57 INFO __main__: epoch 7:  20% | train loss 0.1332 | 224 img/s
2026-09-28 20:52:32 INFO __main__: epoch 7:  30% | train loss 0.1319 | 223 img/s
2026-09-28 20:53:07 INFO __main__: epoch 7:  40% | train loss 0.1320 | 224 img/s
2026-09-28 20:53:42 INFO __main__: epoch 7:  50% | train loss 0.1324 | 224 img/s
2026-09-28 20:54:16 INFO __main__: epoch 7:  60% | train loss 0.1322 | 225 img/s
2026-09-28 20:54:51 INFO __main__: epoch 7:  70% | train loss 0.1318 | 225 img/s
2026-09-28 20:55:26 INFO __main__: epoch 7:  80% | train loss 0.1316 | 225 img/s
2026-09-28 20:56:01 INFO __main__: epoch 7:  90% | train loss 0.1316 | 225 img/s
2026-09-28 20:56:36 INFO __main__: epoch 7: 100% | train loss 0.1314 | 225 img/s
2026-09-28 20:57:04 INFO __main__: epoch 7/30 | lr 1e-05 | train loss 0.1314 | val loss 0.1427 | val AUC 0.8393 (Atelectasis 0.821, Effusion 0.885, Pneumonia 0.776) | best | 6.3 min
2026-09-28 20:57:39 INFO __main__: epoch 8:  10% | train loss 0.1278 | 225 img/s
2026-09-28 20:58:14 INFO __main__: epoch 8:  20% | train loss 0.1286 | 225 img/s
2026-09-28 20:58:48 INFO __main__: epoch 8:  30% | train loss 0.1285 | 225 img/s
2026-09-28 20:59:23 INFO __main__: epoch 8:  40% | train loss 0.1284 | 225 img/s
2026-09-28 20:59:58 INFO __main__: epoch 8:  50% | train loss 0.1286 | 225 img/s
2026-09-28 21:00:33 INFO __main__: epoch 8:  60% | train loss 0.1290 | 226 img/s
2026-09-28 21:01:07 INFO __main__: epoch 8:  70% | train loss 0.1291 | 226 img/s
2026-09-28 21:01:42 INFO __main__: epoch 8:  80% | train loss 0.1292 | 226 img/s
2026-09-28 21:02:17 INFO __main__: epoch 8:  90% | train loss 0.1289 | 226 img/s
2026-09-28 21:02:52 INFO __main__: epoch 8: 100% | train loss 0.1290 | 226 img/s
2026-09-28 21:03:20 INFO __main__: epoch 8/30 | lr 1e-05 | train loss 0.1290 | val loss 0.1436 | val AUC 0.8387 (Atelectasis 0.821, Effusion 0.886, Pneumonia 0.773) | 1 without improvement | 6.3 min
2026-09-28 21:03:55 INFO __main__: epoch 9:  10% | train loss 0.1281 | 225 img/s
2026-09-28 21:04:30 INFO __main__: epoch 9:  20% | train loss 0.1275 | 226 img/s
2026-09-28 21:05:04 INFO __main__: epoch 9:  30% | train loss 0.1267 | 225 img/s
2026-09-28 21:05:39 INFO __main__: epoch 9:  40% | train loss 0.1268 | 226 img/s
2026-09-28 21:06:14 INFO __main__: epoch 9:  50% | train loss 0.1269 | 226 img/s
2026-09-28 21:06:49 INFO __main__: epoch 9:  60% | train loss 0.1268 | 226 img/s
2026-09-28 21:07:23 INFO __main__: epoch 9:  70% | train loss 0.1270 | 226 img/s
2026-09-28 21:07:58 INFO __main__: epoch 9:  80% | train loss 0.1272 | 226 img/s
2026-09-28 21:08:33 INFO __main__: epoch 9:  90% | train loss 0.1274 | 226 img/s
2026-09-28 21:09:07 INFO __main__: epoch 9: 100% | train loss 0.1274 | 226 img/s
2026-09-28 21:09:36 INFO __main__: epoch 9/30 | lr 1e-05 | train loss 0.1274 | val loss 0.1439 | val AUC 0.8371 (Atelectasis 0.818, Effusion 0.885, Pneumonia 0.773) | 2 without improvement | 6.3 min
2026-09-28 21:10:11 INFO __main__: epoch 10:  10% | train loss 0.1236 | 224 img/s
2026-09-28 21:10:45 INFO __main__: epoch 10:  20% | train loss 0.1245 | 225 img/s
2026-09-28 21:11:20 INFO __main__: epoch 10:  30% | train loss 0.1246 | 226 img/s
2026-09-28 21:11:55 INFO __main__: epoch 10:  40% | train loss 0.1249 | 226 img/s
2026-09-28 21:12:30 INFO __main__: epoch 10:  50% | train loss 0.1252 | 226 img/s
2026-09-28 21:13:04 INFO __main__: epoch 10:  60% | train loss 0.1250 | 226 img/s
2026-09-28 21:13:39 INFO __main__: epoch 10:  70% | train loss 0.1253 | 226 img/s
2026-09-28 21:14:14 INFO __main__: epoch 10:  80% | train loss 0.1254 | 226 img/s
2026-09-28 21:14:48 INFO __main__: epoch 10:  90% | train loss 0.1254 | 226 img/s
2026-09-28 21:15:23 INFO __main__: epoch 10: 100% | train loss 0.1256 | 226 img/s
2026-09-28 21:15:52 INFO __main__: epoch 10/30 | lr 1e-06 | train loss 0.1256 | val loss 0.1439 | val AUC 0.8376 (Atelectasis 0.819, Effusion 0.885, Pneumonia 0.773) | 3 without improvement | 6.3 min
2026-09-28 21:16:27 INFO __main__: epoch 11:  10% | train loss 0.1267 | 224 img/s
2026-09-28 21:17:01 INFO __main__: epoch 11:  20% | train loss 0.1262 | 225 img/s
2026-09-28 21:17:36 INFO __main__: epoch 11:  30% | train loss 0.1254 | 225 img/s
2026-09-28 21:18:11 INFO __main__: epoch 11:  40% | train loss 0.1258 | 225 img/s
2026-09-28 21:18:46 INFO __main__: epoch 11:  50% | train loss 0.1260 | 225 img/s
2026-09-28 21:19:21 INFO __main__: epoch 11:  60% | train loss 0.1260 | 225 img/s
2026-09-28 21:19:55 INFO __main__: epoch 11:  70% | train loss 0.1257 | 225 img/s
2026-09-28 21:20:30 INFO __main__: epoch 11:  80% | train loss 0.1253 | 225 img/s
2026-09-28 21:21:05 INFO __main__: epoch 11:  90% | train loss 0.1254 | 225 img/s
2026-09-28 21:21:40 INFO __main__: epoch 11: 100% | train loss 0.1254 | 225 img/s
2026-09-28 21:22:08 INFO __main__: epoch 11/30 | lr 1e-06 | train loss 0.1254 | val loss 0.1439 | val AUC 0.8367 (Atelectasis 0.820, Effusion 0.885, Pneumonia 0.773) | 4 without improvement | 6.3 min
2026-09-28 21:22:44 INFO __main__: epoch 12:  10% | train loss 0.1250 | 221 img/s
2026-09-28 21:23:19 INFO __main__: epoch 12:  20% | train loss 0.1242 | 223 img/s
2026-09-28 21:23:54 INFO __main__: epoch 12:  30% | train loss 0.1239 | 223 img/s
2026-09-28 21:24:29 INFO __main__: epoch 12:  40% | train loss 0.1245 | 223 img/s
2026-09-28 21:25:04 INFO __main__: epoch 12:  50% | train loss 0.1244 | 224 img/s
2026-09-28 21:25:39 INFO __main__: epoch 12:  60% | train loss 0.1248 | 223 img/s
2026-09-28 21:26:14 INFO __main__: epoch 12:  70% | train loss 0.1249 | 223 img/s
2026-09-28 21:26:49 INFO __main__: epoch 12:  80% | train loss 0.1249 | 224 img/s
2026-09-28 21:27:24 INFO __main__: epoch 12:  90% | train loss 0.1250 | 223 img/s
2026-09-28 21:27:59 INFO __main__: epoch 12: 100% | train loss 0.1251 | 224 img/s
2026-09-28 21:28:28 INFO __main__: epoch 12/30 | lr 1e-07 | train loss 0.1251 | val loss 0.1442 | val AUC 0.8368 (Atelectasis 0.819, Effusion 0.885, Pneumonia 0.773) | 5 without improvement | 6.3 min
2026-09-28 21:28:28 INFO __main__: Finished 'e1_baseline_seed43': best mean val AUC 0.8393 at epoch 7 of 12 (early stopping)
